Archive member included to satisfy reference by file (symbol)

d:/a_userdownload/clion2cubemx_tool/gcc-arm-none-eabi-10.3-2021.10-win32/gcc-arm-none-eabi-10.3-2021.10/bin/../lib/gcc/arm-none-eabi/10.3.1/../../../../arm-none-eabi/lib/thumb/v7-m/nofp\libg.a(lib_a-errno.o)
                              CMakeFiles/Car_1.elf.dir/Core/Src/syscalls.c.obj (__errno)
d:/a_userdownload/clion2cubemx_tool/gcc-arm-none-eabi-10.3-2021.10-win32/gcc-arm-none-eabi-10.3-2021.10/bin/../lib/gcc/arm-none-eabi/10.3.1/../../../../arm-none-eabi/lib/thumb/v7-m/nofp\libg.a(lib_a-exit.o)
                              d:/a_userdownload/clion2cubemx_tool/gcc-arm-none-eabi-10.3-2021.10-win32/gcc-arm-none-eabi-10.3-2021.10/bin/../lib/gcc/arm-none-eabi/10.3.1/../../../../arm-none-eabi/lib/thumb/v7-m/nofp/crt0.o (exit)
d:/a_userdownload/clion2cubemx_tool/gcc-arm-none-eabi-10.3-2021.10-win32/gcc-arm-none-eabi-10.3-2021.10/bin/../lib/gcc/arm-none-eabi/10.3.1/../../../../arm-none-eabi/lib/thumb/v7-m/nofp\libg.a(lib_a-impure.o)
                              d:/a_userdownload/clion2cubemx_tool/gcc-arm-none-eabi-10.3-2021.10-win32/gcc-arm-none-eabi-10.3-2021.10/bin/../lib/gcc/arm-none-eabi/10.3.1/../../../../arm-none-eabi/lib/thumb/v7-m/nofp\libg.a(lib_a-exit.o) (_global_impure_ptr)
d:/a_userdownload/clion2cubemx_tool/gcc-arm-none-eabi-10.3-2021.10-win32/gcc-arm-none-eabi-10.3-2021.10/bin/../lib/gcc/arm-none-eabi/10.3.1/../../../../arm-none-eabi/lib/thumb/v7-m/nofp\libg.a(lib_a-init.o)
                              d:/a_userdownload/clion2cubemx_tool/gcc-arm-none-eabi-10.3-2021.10-win32/gcc-arm-none-eabi-10.3-2021.10/bin/../lib/gcc/arm-none-eabi/10.3.1/../../../../arm-none-eabi/lib/thumb/v7-m/nofp/crt0.o (__libc_init_array)
d:/a_userdownload/clion2cubemx_tool/gcc-arm-none-eabi-10.3-2021.10-win32/gcc-arm-none-eabi-10.3-2021.10/bin/../lib/gcc/arm-none-eabi/10.3.1/../../../../arm-none-eabi/lib/thumb/v7-m/nofp\libg.a(lib_a-memset.o)
                              d:/a_userdownload/clion2cubemx_tool/gcc-arm-none-eabi-10.3-2021.10-win32/gcc-arm-none-eabi-10.3-2021.10/bin/../lib/gcc/arm-none-eabi/10.3.1/../../../../arm-none-eabi/lib/thumb/v7-m/nofp/crt0.o (memset)
d:/a_userdownload/clion2cubemx_tool/gcc-arm-none-eabi-10.3-2021.10-win32/gcc-arm-none-eabi-10.3-2021.10/bin/../lib/gcc/arm-none-eabi/10.3.1/../../../../arm-none-eabi/lib/thumb/v7-m/nofp\libg.a(lib_a-__call_atexit.o)
                              d:/a_userdownload/clion2cubemx_tool/gcc-arm-none-eabi-10.3-2021.10-win32/gcc-arm-none-eabi-10.3-2021.10/bin/../lib/gcc/arm-none-eabi/10.3.1/../../../../arm-none-eabi/lib/thumb/v7-m/nofp\libg.a(lib_a-exit.o) (__call_exitprocs)
d:/a_userdownload/clion2cubemx_tool/gcc-arm-none-eabi-10.3-2021.10-win32/gcc-arm-none-eabi-10.3-2021.10/bin/../lib/gcc/arm-none-eabi/10.3.1/../../../../arm-none-eabi/lib/thumb/v7-m/nofp\libg.a(lib_a-atexit.o)
                              d:/a_userdownload/clion2cubemx_tool/gcc-arm-none-eabi-10.3-2021.10-win32/gcc-arm-none-eabi-10.3-2021.10/bin/../lib/gcc/arm-none-eabi/10.3.1/../../../../arm-none-eabi/lib/thumb/v7-m/nofp\libg.a(lib_a-__call_atexit.o) (atexit)
d:/a_userdownload/clion2cubemx_tool/gcc-arm-none-eabi-10.3-2021.10-win32/gcc-arm-none-eabi-10.3-2021.10/bin/../lib/gcc/arm-none-eabi/10.3.1/../../../../arm-none-eabi/lib/thumb/v7-m/nofp\libg.a(lib_a-fini.o)
                              d:/a_userdownload/clion2cubemx_tool/gcc-arm-none-eabi-10.3-2021.10-win32/gcc-arm-none-eabi-10.3-2021.10/bin/../lib/gcc/arm-none-eabi/10.3.1/../../../../arm-none-eabi/lib/thumb/v7-m/nofp\libg.a(lib_a-__call_atexit.o) (__libc_fini_array)
d:/a_userdownload/clion2cubemx_tool/gcc-arm-none-eabi-10.3-2021.10-win32/gcc-arm-none-eabi-10.3-2021.10/bin/../lib/gcc/arm-none-eabi/10.3.1/../../../../arm-none-eabi/lib/thumb/v7-m/nofp\libg.a(lib_a-lock.o)
                              d:/a_userdownload/clion2cubemx_tool/gcc-arm-none-eabi-10.3-2021.10-win32/gcc-arm-none-eabi-10.3-2021.10/bin/../lib/gcc/arm-none-eabi/10.3.1/../../../../arm-none-eabi/lib/thumb/v7-m/nofp\libg.a(lib_a-__call_atexit.o) (__retarget_lock_acquire_recursive)
d:/a_userdownload/clion2cubemx_tool/gcc-arm-none-eabi-10.3-2021.10-win32/gcc-arm-none-eabi-10.3-2021.10/bin/../lib/gcc/arm-none-eabi/10.3.1/../../../../arm-none-eabi/lib/thumb/v7-m/nofp\libg.a(lib_a-__atexit.o)
                              d:/a_userdownload/clion2cubemx_tool/gcc-arm-none-eabi-10.3-2021.10-win32/gcc-arm-none-eabi-10.3-2021.10/bin/../lib/gcc/arm-none-eabi/10.3.1/../../../../arm-none-eabi/lib/thumb/v7-m/nofp\libg.a(lib_a-atexit.o) (__register_exitproc)

Discarded input sections

 .text          0x00000000        0x0 d:/a_userdownload/clion2cubemx_tool/gcc-arm-none-eabi-10.3-2021.10-win32/gcc-arm-none-eabi-10.3-2021.10/bin/../lib/gcc/arm-none-eabi/10.3.1/thumb/v7-m/nofp/crti.o
 .data          0x00000000        0x0 d:/a_userdownload/clion2cubemx_tool/gcc-arm-none-eabi-10.3-2021.10-win32/gcc-arm-none-eabi-10.3-2021.10/bin/../lib/gcc/arm-none-eabi/10.3.1/thumb/v7-m/nofp/crti.o
[...]
Memory Configuration

Name             Origin             Length             Attributes
RAM              0x20000000         0x00005000         xrw
FLASH            0x08000000         0x00010000         xr
*default*        0x00000000         0xffffffff

Linker script and memory map

LOAD d:/a_userdownload/clion2cubemx_tool/gcc-arm-none-eabi-10.3-2021.10-win32/gcc-arm-none-eabi-10.3-2021.10/bin/../lib/gcc/arm-none-eabi/10.3.1/thumb/v7-m/nofp/crti.o
LOAD d:/a_userdownload/clion2cubemx_tool/gcc-arm-none-eabi-10.3-2021.10-win32/gcc-arm-none-eabi-10.3-2021.10/bin/../lib/gcc/arm-none-eabi/10.3.1/thumb/v7-m/nofp/crtbegin.o
LOAD d:/a_userdownload/clion2cubemx_tool/gcc-arm-none-eabi-10.3-2021.10-win32/gcc-arm-none-eabi-10.3-2021.10/bin/../lib/gcc/arm-none-eabi/10.3.1/../../../../arm-none-eabi/lib/thumb/v7-m/nofp/crt0.o
LOAD CMakeFiles/Car_1.elf.dir/Core/Src/gpio.c.obj
LOAD CMakeFiles/Car_1.elf.dir/Core/Src/main.c.obj
LOAD CMakeFiles/Car_1.elf.dir/Core/Src/stm32f1xx_hal_msp.c.obj
LOAD CMakeFiles/Car_1.elf.dir/Core/Src/stm32f1xx_it.c.obj
LOAD CMakeFiles/Car_1.elf.dir/Core/Src/syscalls.c.obj
LOAD CMakeFiles/Car_1.elf.dir/Core/Src/system_stm32f1xx.c.obj
LOAD CMakeFiles/Car_1.elf.dir/Core/Src/tim.c.obj
LOAD CMakeFiles/Car_1.elf.dir/Core/Src/usart.c.obj
LOAD CMakeFiles/Car_1.elf.dir/Drivers/STM32F1xx_HAL_Driver/Src/stm32f1xx_hal.c.obj
LOAD CMakeFiles/Car_1.elf.dir/Drivers/STM32F1xx_HAL_Driver/Src/stm32f1xx_hal_cortex.c.obj
LOAD CMakeFiles/Car_1.elf.dir/Drivers/STM32F1xx_HAL_Driver/Src/stm32f1xx_hal_dma.c.obj
LOAD CMakeFiles/Car_1.elf.dir/Drivers/STM32F1xx_HAL_Driver/Src/stm32f1xx_hal_exti.c.obj
LOAD CMakeFiles/Car_1.elf.dir/Drivers/STM32F1xx_HAL_Driver/Src/stm32f1xx_hal_flash.c.obj
LOAD CMakeFiles/Car_1.elf.dir/Drivers/STM32F1xx_HAL_Driver/Src/stm32f1xx_hal_flash_ex.c.obj
LOAD CMakeFiles/Car_1.elf.dir/Drivers/STM32F1xx_HAL_Driver/Src/stm32f1xx_hal_gpio.c.obj
LOAD CMakeFiles/Car_1.elf.dir/Drivers/STM32F1xx_HAL_Driver/Src/stm32f1xx_hal_gpio_ex.c.obj
LOAD CMakeFiles/Car_1.elf.dir/Drivers/STM32F1xx_HAL_Driver/Src/stm32f1xx_hal_pwr.c.obj
LOAD CMakeFiles/Car_1.elf.dir/Drivers/STM32F1xx_HAL_Driver/Src/stm32f1xx_hal_rcc.c.obj
LOAD CMakeFiles/Car_1.elf.dir/Drivers/STM32F1xx_HAL_Driver/Src/stm32f1xx_hal_rcc_ex.c.obj
LOAD CMakeFiles/Car_1.elf.dir/Drivers/STM32F1xx_HAL_Driver/Src/stm32f1xx_hal_tim.c.obj
LOAD CMakeFiles/Car_1.elf.dir/Drivers/STM32F1xx_HAL_Driver/Src/stm32f1xx_hal_tim_ex.c.obj
LOAD CMakeFiles/Car_1.elf.dir/Drivers/STM32F1xx_HAL_Driver/Src/stm32f1xx_hal_uart.c.obj
LOAD CMakeFiles/Car_1.elf.dir/startup/startup_stm32f103xb.s.obj
START GROUP
LOAD d:/a_userdownload/clion2cubemx_tool/gcc-arm-none-eabi-10.3-2021.10-win32/gcc-arm-none-eabi-10.3-2021.10/bin/../lib/gcc/arm-none-eabi/10.3.1/thumb/v7-m/nofp\libgcc.a
LOAD d:/a_userdownload/clion2cubemx_tool/gcc-arm-none-eabi-10.3-2021.10-win32/gcc-arm-none-eabi-10.3-2021.10/bin/../lib/gcc/arm-none-eabi/10.3.1/../../../../arm-none-eabi/lib/thumb/v7-m/nofp\libg.a
LOAD d:/a_userdownload/clion2cubemx_tool/gcc-arm-none-eabi-10.3-2021.10-win32/gcc-arm-none-eabi-10.3-2021.10/bin/../lib/gcc/arm-none-eabi/10.3.1/../../../../arm-none-eabi/lib/thumb/v7-m/nofp\libc.a
END GROUP
LOAD d:/a_userdownload/clion2cubemx_tool/gcc-arm-none-eabi-10.3-2021.10-win32/gcc-arm-none-eabi-10.3-2021.10/bin/../lib/gcc/arm-none-eabi/10.3.1/thumb/v7-m/nofp/crtend.o
LOAD d:/a_userdownload/clion2cubemx_tool/gcc-arm-none-eabi-10.3-2021.10-win32/gcc-arm-none-eabi-10.3-2021.10/bin/../lib/gcc/arm-none-eabi/10.3.1/thumb/v7-m/nofp/crtn.o
                0x20005000                _estack = 0x20005000
                0x00000200                _Min_Heap_Size = 0x200
                0x00000400                _Min_Stack_Size = 0x400

.isr_vector     0x08000000      0x10c
                0x08000000                . = ALIGN (0x4)
 *(.isr_vector)
 .isr_vector    0x08000000      0x10c CMakeFiles/Car_1.elf.dir/startup/startup_stm32f103xb.s.obj
                0x08000000                g_pfnVectors
                0x0800010c                . = ALIGN (0x4)

.text           0x0800010c     0x19b0
                0x0800010c                . = ALIGN (0x4)
 *(.text)
 .text          0x0800010c       0x40 d:/a_userdownload/clion2cubemx_tool/gcc-arm-none-eabi-10.3-2021.10-win32/gcc-arm-none-eabi-10.3-2021.10/bin/../lib/gcc/arm-none-eabi/10.3.1/thumb/v7-m/nofp/crtbegin.o
 *(.text*)
 .text.MX_GPIO_Init
                0x0800014c       0xc4 CMakeFiles/Car_1.elf.dir/Core/Src/gpio.c.obj
                0x0800014c                MX_GPIO_Init
 .text.Error_Handler
                0x08000210        0x4 CMakeFiles/Car_1.elf.dir/Core/Src/main.c.obj
                0x08000210                Error_Handler
 .text.SystemClock_Config
                0x08000214       0x64 CMakeFiles/Car_1.elf.dir/Core/Src/main.c.obj
                0x08000214                SystemClock_Config
 .text.main     0x08000278       0x48 CMakeFiles/Car_1.elf.dir/Core/Src/main.c.obj
                0x08000278                main
 .text.HAL_MspInit
                0x080002c0       0x44 CMakeFiles/Car_1.elf.dir/Core/Src/stm32f1xx_hal_msp.c.obj
                0x080002c0                HAL_MspInit
 .text.NMI_Handler
                0x08000304        0x2 CMakeFiles/Car_1.elf.dir/Core/Src/stm32f1xx_it.c.obj
                0x08000304                NMI_Handler
 .text.HardFault_Handler
                0x08000306        0x2 CMakeFiles/Car_1.elf.dir/Core/Src/stm32f1xx_it.c.obj
                0x08000306                HardFault_Handler
 .text.MemManage_Handler
                0x08000308        0x2 CMakeFiles/Car_1.elf.dir/Core/Src/stm32f1xx_it.c.obj
                0x08000308                MemManage_Handler
 .text.BusFault_Handler
                0x0800030a        0x2 CMakeFiles/Car_1.elf.dir/Core/Src/stm32f1xx_it.c.obj
                0x0800030a                BusFault_Handler
 .text.UsageFault_Handler
                0x0800030c        0x2 CMakeFiles/Car_1.elf.dir/Core/Src/stm32f1xx_it.c.obj
                0x0800030c                UsageFault_Handler
 .text.SVC_Handler
                0x0800030e        0x2 CMakeFiles/Car_1.elf.dir/Core/Src/stm32f1xx_it.c.obj
                0x0800030e                SVC_Handler
 .text.DebugMon_Handler
                0x08000310        0x2 CMakeFiles/Car_1.elf.dir/Core/Src/stm32f1xx_it.c.obj
                0x08000310                DebugMon_Handler
 .text.PendSV_Handler
                0x08000312        0x2 CMakeFiles/Car_1.elf.dir/Core/Src/stm32f1xx_it.c.obj
                0x08000312                PendSV_Handler
 .text.SysTick_Handler
                0x08000314        0x8 CMakeFiles/Car_1.elf.dir/Core/Src/stm32f1xx_it.c.obj
                0x08000314                SysTick_Handler
 .text.SystemInit
                0x0800031c        0x2 CMakeFiles/Car_1.elf.dir/Core/Src/system_stm32f1xx.c.obj
                0x0800031c                SystemInit
 *fill*         0x0800031e        0x2 
 .text.MX_TIM1_Init
                0x08000320       0x74 CMakeFiles/Car_1.elf.dir/Core/Src/tim.c.obj
                0x08000320                MX_TIM1_Init
 .text.MX_TIM3_Init
                0x08000394       0x64 CMakeFiles/Car_1.elf.dir/Core/Src/tim.c.obj
                0x08000394                MX_TIM3_Init
 .text.MX_TIM4_Init
                0x080003f8       0x64 CMakeFiles/Car_1.elf.dir/Core/Src/tim.c.obj
                0x080003f8                MX_TIM4_Init
 .text.HAL_TIM_Base_MspInit
                0x0800045c       0x4c CMakeFiles/Car_1.elf.dir/Core/Src/tim.c.obj
                0x0800045c                HAL_TIM_Base_MspInit
 .text.HAL_TIM_Encoder_MspInit
                0x080004a8       0xa0 CMakeFiles/Car_1.elf.dir/Core/Src/tim.c.obj
                0x080004a8                HAL_TIM_Encoder_MspInit
 .text.HAL_TIM_MspPostInit
                0x08000548       0x4c CMakeFiles/Car_1.elf.dir/Core/Src/tim.c.obj
                0x08000548                HAL_TIM_MspPostInit
 .text.MX_TIM2_Init
                0x08000594       0xc0 CMakeFiles/Car_1.elf.dir/Core/Src/tim.c.obj
                0x08000594                MX_TIM2_Init
 .text.MX_USART1_UART_Init
                0x08000654       0x34 CMakeFiles/Car_1.elf.dir/Core/Src/usart.c.obj
                0x08000654                MX_USART1_UART_Init
 .text.MX_USART2_UART_Init
                0x08000688       0x34 CMakeFiles/Car_1.elf.dir/Core/Src/usart.c.obj
                0x08000688                MX_USART2_UART_Init
 .text.HAL_UART_MspInit
                0x080006bc       0xd4 CMakeFiles/Car_1.elf.dir/Core/Src/usart.c.obj
                0x080006bc                HAL_UART_MspInit
 .text.HAL_InitTick
                0x08000790       0x4c CMakeFiles/Car_1.elf.dir/Drivers/STM32F1xx_HAL_Driver/Src/stm32f1xx_hal.c.obj
                0x08000790                HAL_InitTick
 .text.HAL_Init
                0x080007dc       0x24 CMakeFiles/Car_1.elf.dir/Drivers/STM32F1xx_HAL_Driver/Src/stm32f1xx_hal.c.obj
                0x080007dc                HAL_Init
 .text.HAL_IncTick
                0x08000800       0x18 CMakeFiles/Car_1.elf.dir/Drivers/STM32F1xx_HAL_Driver/Src/stm32f1xx_hal.c.obj
                0x08000800                HAL_IncTick
 .text.HAL_GetTick
                0x08000818        0xc CMakeFiles/Car_1.elf.dir/Drivers/STM32F1xx_HAL_Driver/Src/stm32f1xx_hal.c.obj
                0x08000818                HAL_GetTick
 .text.HAL_Delay
                0x08000824       0x28 CMakeFiles/Car_1.elf.dir/Drivers/STM32F1xx_HAL_Driver/Src/stm32f1xx_hal.c.obj
                0x08000824                HAL_Delay
 .text.HAL_NVIC_SetPriorityGrouping
                0x0800084c       0x24 CMakeFiles/Car_1.elf.dir/Drivers/STM32F1xx_HAL_Driver/Src/stm32f1xx_hal_cortex.c.obj
                0x0800084c                HAL_NVIC_SetPriorityGrouping
 .text.HAL_NVIC_SetPriority
                0x08000870       0x70 CMakeFiles/Car_1.elf.dir/Drivers/STM32F1xx_HAL_Driver/Src/stm32f1xx_hal_cortex.c.obj
                0x08000870                HAL_NVIC_SetPriority
 .text.HAL_SYSTICK_Config
                0x080008e0       0x28 CMakeFiles/Car_1.elf.dir/Drivers/STM32F1xx_HAL_Driver/Src/stm32f1xx_hal_cortex.c.obj
                0x080008e0                HAL_SYSTICK_Config
 .text.HAL_GPIO_Init
                0x08000908      0x224 CMakeFiles/Car_1.elf.dir/Drivers/STM32F1xx_HAL_Driver/Src/stm32f1xx_hal_gpio.c.obj
                0x08000908                HAL_GPIO_Init
 .text.HAL_GPIO_WritePin
                0x08000b2c        0xc CMakeFiles/Car_1.elf.dir/Drivers/STM32F1xx_HAL_Driver/Src/stm32f1xx_hal_gpio.c.obj
                0x08000b2c                HAL_GPIO_WritePin
 .text.HAL_GPIO_TogglePin
                0x08000b38       0x12 CMakeFiles/Car_1.elf.dir/Drivers/STM32F1xx_HAL_Driver/Src/stm32f1xx_hal_gpio.c.obj
                0x08000b38                HAL_GPIO_TogglePin
 *fill*         0x08000b4a        0x2 
 .text.RCC_Delay
                0x08000b4c       0x2c CMakeFiles/Car_1.elf.dir/Drivers/STM32F1xx_HAL_Driver/Src/stm32f1xx_hal_rcc.c.obj
 .text.HAL_RCC_OscConfig
                0x08000b78      0x410 CMakeFiles/Car_1.elf.dir/Drivers/STM32F1xx_HAL_Driver/Src/stm32f1xx_hal_rcc.c.obj
                0x08000b78                HAL_RCC_OscConfig
 .text.HAL_RCC_GetSysClockFreq
                0x08000f88       0x54 CMakeFiles/Car_1.elf.dir/Drivers/STM32F1xx_HAL_Driver/Src/stm32f1xx_hal_rcc.c.obj
                0x08000f88                HAL_RCC_GetSysClockFreq
 .text.HAL_RCC_ClockConfig
                0x08000fdc      0x16c CMakeFiles/Car_1.elf.dir/Drivers/STM32F1xx_HAL_Driver/Src/stm32f1xx_hal_rcc.c.obj
                0x08000fdc                HAL_RCC_ClockConfig
 .text.HAL_RCC_GetHCLKFreq
                0x08001148        0xc CMakeFiles/Car_1.elf.dir/Drivers/STM32F1xx_HAL_Driver/Src/stm32f1xx_hal_rcc.c.obj
                0x08001148                HAL_RCC_GetHCLKFreq
 .text.HAL_RCC_GetPCLK1Freq
                0x08001154       0x20 CMakeFiles/Car_1.elf.dir/Drivers/STM32F1xx_HAL_Driver/Src/stm32f1xx_hal_rcc.c.obj
                0x08001154                HAL_RCC_GetPCLK1Freq
 .text.HAL_RCC_GetPCLK2Freq
                0x08001174       0x20 CMakeFiles/Car_1.elf.dir/Drivers/STM32F1xx_HAL_Driver/Src/stm32f1xx_hal_rcc.c.obj
                0x08001174                HAL_RCC_GetPCLK2Freq
 .text.TIM_OC1_SetConfig
                0x08001194       0x5c CMakeFiles/Car_1.elf.dir/Drivers/STM32F1xx_HAL_Driver/Src/stm32f1xx_hal_tim.c.obj
 .text.TIM_OC3_SetConfig
                0x080011f0       0x64 CMakeFiles/Car_1.elf.dir/Drivers/STM32F1xx_HAL_Driver/Src/stm32f1xx_hal_tim.c.obj
 .text.TIM_OC4_SetConfig
                0x08001254       0x48 CMakeFiles/Car_1.elf.dir/Drivers/STM32F1xx_HAL_Driver/Src/stm32f1xx_hal_tim.c.obj
 .text.TIM_TI1_ConfigInputStage
                0x0800129c       0x24 CMakeFiles/Car_1.elf.dir/Drivers/STM32F1xx_HAL_Driver/Src/stm32f1xx_hal_tim.c.obj
 .text.TIM_TI2_ConfigInputStage
                0x080012c0       0x26 CMakeFiles/Car_1.elf.dir/Drivers/STM32F1xx_HAL_Driver/Src/stm32f1xx_hal_tim.c.obj
 .text.TIM_ITRx_SetConfig
                0x080012e6       0x10 CMakeFiles/Car_1.elf.dir/Drivers/STM32F1xx_HAL_Driver/Src/stm32f1xx_hal_tim.c.obj
 .text.HAL_TIM_PWM_MspInit
                0x080012f6        0x2 CMakeFiles/Car_1.elf.dir/Drivers/STM32F1xx_HAL_Driver/Src/stm32f1xx_hal_tim.c.obj
                0x080012f6                HAL_TIM_PWM_MspInit
 .text.TIM_Base_SetConfig
                0x080012f8       0x74 CMakeFiles/Car_1.elf.dir/Drivers/STM32F1xx_HAL_Driver/Src/stm32f1xx_hal_tim.c.obj
                0x080012f8                TIM_Base_SetConfig
 .text.HAL_TIM_Base_Init
                0x0800136c       0x58 CMakeFiles/Car_1.elf.dir/Drivers/STM32F1xx_HAL_Driver/Src/stm32f1xx_hal_tim.c.obj
                0x0800136c                HAL_TIM_Base_Init
 .text.HAL_TIM_PWM_Init
                0x080013c4       0x58 CMakeFiles/Car_1.elf.dir/Drivers/STM32F1xx_HAL_Driver/Src/stm32f1xx_hal_tim.c.obj
                0x080013c4                HAL_TIM_PWM_Init
 .text.HAL_TIM_Encoder_Init
                0x0800141c       0xb8 CMakeFiles/Car_1.elf.dir/Drivers/STM32F1xx_HAL_Driver/Src/stm32f1xx_hal_tim.c.obj
                0x0800141c                HAL_TIM_Encoder_Init
 .text.TIM_OC2_SetConfig
                0x080014d4       0x64 CMakeFiles/Car_1.elf.dir/Drivers/STM32F1xx_HAL_Driver/Src/stm32f1xx_hal_tim.c.obj
                0x080014d4                TIM_OC2_SetConfig
 .text.HAL_TIM_PWM_ConfigChannel
                0x08001538       0xdc CMakeFiles/Car_1.elf.dir/Drivers/STM32F1xx_HAL_Driver/Src/stm32f1xx_hal_tim.c.obj
                0x08001538                HAL_TIM_PWM_ConfigChannel
 .text.TIM_ETR_SetConfig
                0x08001614       0x18 CMakeFiles/Car_1.elf.dir/Drivers/STM32F1xx_HAL_Driver/Src/stm32f1xx_hal_tim.c.obj
                0x08001614                TIM_ETR_SetConfig
 .text.HAL_TIM_ConfigClockSource
                0x0800162c       0xfe CMakeFiles/Car_1.elf.dir/Drivers/STM32F1xx_HAL_Driver/Src/stm32f1xx_hal_tim.c.obj
                0x0800162c                HAL_TIM_ConfigClockSource
 *fill*         0x0800172a        0x2 
 .text.HAL_TIMEx_MasterConfigSynchronization
                0x0800172c       0x6c CMakeFiles/Car_1.elf.dir/Drivers/STM32F1xx_HAL_Driver/Src/stm32f1xx_hal_tim_ex.c.obj
                0x0800172c                HAL_TIMEx_MasterConfigSynchronization
 .text.UART_SetConfig
                0x08001798       0x94 CMakeFiles/Car_1.elf.dir/Drivers/STM32F1xx_HAL_Driver/Src/stm32f1xx_hal_uart.c.obj
 .text.HAL_UART_Init
                0x0800182c       0x60 CMakeFiles/Car_1.elf.dir/Drivers/STM32F1xx_HAL_Driver/Src/stm32f1xx_hal_uart.c.obj
                0x0800182c                HAL_UART_Init
 .text.Reset_Handler
                0x0800188c       0x48 CMakeFiles/Car_1.elf.dir/startup/startup_stm32f103xb.s.obj
                0x0800188c                Reset_Handler
 .text.Default_Handler
                0x080018d4        0x2 CMakeFiles/Car_1.elf.dir/startup/startup_stm32f103xb.s.obj
                0x080018d4                RTC_Alarm_IRQHandler
                0x080018d4                EXTI2_IRQHandler
                0x080018d4                TIM1_CC_IRQHandler
                0x080018d4                PVD_IRQHandler
                0x080018d4                EXTI3_IRQHandler
                0x080018d4                EXTI0_IRQHandler
                0x080018d4                I2C2_EV_IRQHandler
                0x080018d4                ADC1_2_IRQHandler
                0x080018d4                SPI1_IRQHandler
                0x080018d4                TAMPER_IRQHandler
                0x080018d4                DMA1_Channel4_IRQHandler
                0x080018d4                USART3_IRQHandler
                0x080018d4                RTC_IRQHandler
                0x080018d4                DMA1_Channel7_IRQHandler
                0x080018d4                CAN1_RX1_IRQHandler
                0x080018d4                TIM4_IRQHandler
                0x080018d4                I2C1_EV_IRQHandler
                0x080018d4                DMA1_Channel6_IRQHandler
                0x080018d4                TIM3_IRQHandler
                0x080018d4                RCC_IRQHandler
                0x080018d4                TIM1_TRG_COM_IRQHandler
                0x080018d4                DMA1_Channel1_IRQHandler
                0x080018d4                Default_Handler
                0x080018d4                EXTI15_10_IRQHandler
                0x080018d4                EXTI9_5_IRQHandler
                0x080018d4                SPI2_IRQHandler
                0x080018d4                DMA1_Channel5_IRQHandler
                0x080018d4                EXTI4_IRQHandler
                0x080018d4                USB_LP_CAN1_RX0_IRQHandler
                0x080018d4                USB_HP_CAN1_TX_IRQHandler
                0x080018d4                DMA1_Channel3_IRQHandler
                0x080018d4                TIM1_UP_IRQHandler
                0x080018d4                WWDG_IRQHandler
                0x080018d4                TIM2_IRQHandler
                0x080018d4                TIM1_BRK_IRQHandler
                0x080018d4                EXTI1_IRQHandler
                0x080018d4                USART2_IRQHandler
                0x080018d4                I2C2_ER_IRQHandler
                0x080018d4                DMA1_Channel2_IRQHandler
                0x080018d4                CAN1_SCE_IRQHandler
                0x080018d4                FLASH_IRQHandler
                0x080018d4                USART1_IRQHandler
                0x080018d4                I2C1_ER_IRQHandler
                0x080018d4                USBWakeUp_IRQHandler
 *fill*         0x080018d6        0x2 
 .text.__libc_init_array
                0x080018d8       0x48 d:/a_userdownload/clion2cubemx_tool/gcc-arm-none-eabi-10.3-2021.10-win32/gcc-arm-none-eabi-10.3-2021.10/bin/../lib/gcc/arm-none-eabi/10.3.1/../../../../arm-none-eabi/lib/thumb/v7-m/nofp\libg.a(lib_a-init.o)
                0x080018d8                __libc_init_array
 .text.memset   0x08001920       0xa4 d:/a_userdownload/clion2cubemx_tool/gcc-arm-none-eabi-10.3-2021.10-win32/gcc-arm-none-eabi-10.3-2021.10/bin/../lib/gcc/arm-none-eabi/10.3.1/../../../../arm-none-eabi/lib/thumb/v7-m/nofp\libg.a(lib_a-memset.o)
                0x08001920                memset
 .text.startup.register_fini
                0x080019c4       0x14 d:/a_userdownload/clion2cubemx_tool/gcc-arm-none-eabi-10.3-2021.10-win32/gcc-arm-none-eabi-10.3-2021.10/bin/../lib/gcc/arm-none-eabi/10.3.1/../../../../arm-none-eabi/lib/thumb/v7-m/nofp\libg.a(lib_a-__call_atexit.o)
 .text.atexit   0x080019d8        0xc d:/a_userdownload/clion2cubemx_tool/gcc-arm-none-eabi-10.3-2021.10-win32/gcc-arm-none-eabi-10.3-2021.10/bin/../lib/gcc/arm-none-eabi/10.3.1/../../../../arm-none-eabi/lib/thumb/v7-m/nofp\libg.a(lib_a-atexit.o)
                0x080019d8                atexit
 .text.__libc_fini_array
                0x080019e4       0x2c d:/a_userdownload/clion2cubemx_tool/gcc-arm-none-eabi-10.3-2021.10-win32/gcc-arm-none-eabi-10.3-2021.10/bin/../lib/gcc/arm-none-eabi/10.3.1/../../../../arm-none-eabi/lib/thumb/v7-m/nofp\libg.a(lib_a-fini.o)
                0x080019e4                __libc_fini_array
 .text.__retarget_lock_acquire_recursive
                0x08001a10        0x4 d:/a_userdownload/clion2cubemx_tool/gcc-arm-none-eabi-10.3-2021.10-win32/gcc-arm-none-eabi-10.3-2021.10/bin/../lib/gcc/arm-none-eabi/10.3.1/../../../../arm-none-eabi/lib/thumb/v7-m/nofp\libg.a(lib_a-lock.o)
                0x08001a10                __retarget_lock_acquire_recursive
 .text.__retarget_lock_release_recursive
                0x08001a14        0x4 d:/a_userdownload/clion2cubemx_tool/gcc-arm-none-eabi-10.3-2021.10-win32/gcc-arm-none-eabi-10.3-2021.10/bin/../lib/gcc/arm-none-eabi/10.3.1/../../../../arm-none-eabi/lib/thumb/v7-m/nofp\libg.a(lib_a-lock.o)
                0x08001a14                __retarget_lock_release_recursive
 .text.__register_exitproc
                0x08001a18       0x8c d:/a_userdownload/clion2cubemx_tool/gcc-arm-none-eabi-10.3-2021.10-win32/gcc-arm-none-eabi-10.3-2021.10/bin/../lib/gcc/arm-none-eabi/10.3.1/../../../../arm-none-eabi/lib/thumb/v7-m/nofp\libg.a(lib_a-__atexit.o)
                0x08001a18                __register_exitproc
 *(.glue_7)
 .glue_7        0x08001aa4        0x0 linker stubs
 *(.glue_7t)
 .glue_7t       0x08001aa4        0x0 linker stubs
 *(.eh_frame)
 .eh_frame      0x08001aa4        0x0 d:/a_userdownload/clion2cubemx_tool/gcc-arm-none-eabi-10.3-2021.10-win32/gcc-arm-none-eabi-10.3-2021.10/bin/../lib/gcc/arm-none-eabi/10.3.1/thumb/v7-m/nofp/crtbegin.o
 *(.init)
 .init          0x08001aa4        0x4 d:/a_userdownload/clion2cubemx_tool/gcc-arm-none-eabi-10.3-2021.10-win32/gcc-arm-none-eabi-10.3-2021.10/bin/../lib/gcc/arm-none-eabi/10.3.1/thumb/v7-m/nofp/crti.o
                0x08001aa4                _init
 .init          0x08001aa8        0x8 d:/a_userdownload/clion2cubemx_tool/gcc-arm-none-eabi-10.3-2021.10-win32/gcc-arm-none-eabi-10.3-2021.10/bin/../lib/gcc/arm-none-eabi/10.3.1/thumb/v7-m/nofp/crtn.o
 *(.fini)
 .fini          0x08001ab0        0x4 d:/a_userdownload/clion2cubemx_tool/gcc-arm-none-eabi-10.3-2021.10-win32/gcc-arm-none-eabi-10.3-2021.10/bin/../lib/gcc/arm-none-eabi/10.3.1/thumb/v7-m/nofp/crti.o
                0x08001ab0                _fini
 .fini          0x08001ab4        0x8 d:/a_userdownload/clion2cubemx_tool/gcc-arm-none-eabi-10.3-2021.10-win32/gcc-arm-none-eabi-10.3-2021.10/bin/../lib/gcc/arm-none-eabi/10.3.1/thumb/v7-m/nofp/crtn.o
                0x08001abc                . = ALIGN (0x4)
                0x08001abc                _etext = .

.vfp11_veneer   0x08001abc        0x0
 .vfp11_veneer  0x08001abc        0x0 linker stubs

.v4_bx          0x08001abc        0x0
 .v4_bx         0x08001abc        0x0 linker stubs

.iplt           0x08001abc        0x0
 .iplt          0x08001abc        0x0 d:/a_userdownload/clion2cubemx_tool/gcc-arm-none-eabi-10.3-2021.10-win32/gcc-arm-none-eabi-10.3-2021.10/bin/../lib/gcc/arm-none-eabi/10.3.1/thumb/v7-m/nofp/crtbegin.o

.rodata         0x08001abc       0x30
                0x08001abc                . = ALIGN (0x4)
 *(.rodata)
 *(.rodata*)
 .rodata.AHBPrescTable
                0x08001abc       0x10 CMakeFiles/Car_1.elf.dir/Core/Src/system_stm32f1xx.c.obj
                0x08001abc                AHBPrescTable
 .rodata.APBPrescTable
                0x08001acc        0x8 CMakeFiles/Car_1.elf.dir/Core/Src/system_stm32f1xx.c.obj
                0x08001acc                APBPrescTable
 .rodata.aPLLMULFactorTable.1
                0x08001ad4       0x10 CMakeFiles/Car_1.elf.dir/Drivers/STM32F1xx_HAL_Driver/Src/stm32f1xx_hal_rcc.c.obj
 .rodata.aPredivFactorTable.0
                0x08001ae4        0x2 CMakeFiles/Car_1.elf.dir/Drivers/STM32F1xx_HAL_Driver/Src/stm32f1xx_hal_rcc.c.obj
 *fill*         0x08001ae6        0x2 
 .rodata._global_impure_ptr
                0x08001ae8        0x4 d:/a_userdownload/clion2cubemx_tool/gcc-arm-none-eabi-10.3-2021.10-win32/gcc-arm-none-eabi-10.3-2021.10/bin/../lib/gcc/arm-none-eabi/10.3.1/../../../../arm-none-eabi/lib/thumb/v7-m/nofp\libg.a(lib_a-impure.o)
                0x08001ae8                _global_impure_ptr
                0x08001aec                . = ALIGN (0x4)

.rel.dyn        0x08001aec        0x0
 .rel.iplt      0x08001aec        0x0 d:/a_userdownload/clion2cubemx_tool/gcc-arm-none-eabi-10.3-2021.10-win32/gcc-arm-none-eabi-10.3-2021.10/bin/../lib/gcc/arm-none-eabi/10.3.1/thumb/v7-m/nofp/crtbegin.o

.ARM.extab
 *(.ARM.extab* .gnu.linkonce.armextab.*)

.ARM            0x08001aec        0x0
                0x08001aec                __exidx_start = .
 *(.ARM.exidx*)
                0x08001aec                __exidx_end = .

.preinit_array  0x08001aec        0x0
                0x08001aec                PROVIDE (__preinit_array_start = .)
 *(.preinit_array*)
                0x08001aec                PROVIDE (__preinit_array_end = .)

.init_array     0x08001aec        0x8
                0x08001aec                PROVIDE (__init_array_start = .)
 *(SORT_BY_NAME(.init_array.*))
 .init_array.00000
                0x08001aec        0x4 d:/a_userdownload/clion2cubemx_tool/gcc-arm-none-eabi-10.3-2021.10-win32/gcc-arm-none-eabi-10.3-2021.10/bin/../lib/gcc/arm-none-eabi/10.3.1/../../../../arm-none-eabi/lib/thumb/v7-m/nofp\libg.a(lib_a-__call_atexit.o)
 *(.init_array*)
 .init_array    0x08001af0        0x4 d:/a_userdownload/clion2cubemx_tool/gcc-arm-none-eabi-10.3-2021.10-win32/gcc-arm-none-eabi-10.3-2021.10/bin/../lib/gcc/arm-none-eabi/10.3.1/thumb/v7-m/nofp/crtbegin.o
                0x08001af4                PROVIDE (__init_array_end = .)

.fini_array     0x08001af4        0x4
                0x08001af4                PROVIDE (__fini_array_start = .)
 *(SORT_BY_NAME(.fini_array.*))
 *(.fini_array*)
 .fini_array    0x08001af4        0x4 d:/a_userdownload/clion2cubemx_tool/gcc-arm-none-eabi-10.3-2021.10-win32/gcc-arm-none-eabi-10.3-2021.10/bin/../lib/gcc/arm-none-eabi/10.3.1/thumb/v7-m/nofp/crtbegin.o
                0x08001af8                PROVIDE (__fini_array_end = .)
                0x08001af8                _sidata = LOADADDR (.data)

.data           0x20000000      0x43c load address 0x08001af8
                0x20000000                . = ALIGN (0x4)
                0x20000000                _sdata = .
 *(.data)
 *(.data*)
 .data.SystemCoreClock
                0x20000000        0x4 CMakeFiles/Car_1.elf.dir/Core/Src/system_stm32f1xx.c.obj
                0x20000000                SystemCoreClock
 .data.uwTickFreq
                0x20000004        0x1 CMakeFiles/Car_1.elf.dir/Drivers/STM32F1xx_HAL_Driver/Src/stm32f1xx_hal.c.obj
                0x20000004                uwTickFreq
 *fill*         0x20000005        0x3 
 .data.uwTickPrio
                0x20000008        0x4 CMakeFiles/Car_1.elf.dir/Drivers/STM32F1xx_HAL_Driver/Src/stm32f1xx_hal.c.obj
                0x20000008                uwTickPrio
 *fill*         0x2000000c        0x4 
 .data.impure_data
                0x20000010      0x428 d:/a_userdownload/clion2cubemx_tool/gcc-arm-none-eabi-10.3-2021.10-win32/gcc-arm-none-eabi-10.3-2021.10/bin/../lib/gcc/arm-none-eabi/10.3.1/../../../../arm-none-eabi/lib/thumb/v7-m/nofp\libg.a(lib_a-impure.o)
 .data.__atexit_recursive_mutex
                0x20000438        0x4 d:/a_userdownload/clion2cubemx_tool/gcc-arm-none-eabi-10.3-2021.10-win32/gcc-arm-none-eabi-10.3-2021.10/bin/../lib/gcc/arm-none-eabi/10.3.1/../../../../arm-none-eabi/lib/thumb/v7-m/nofp\libg.a(lib_a-__call_atexit.o)
                0x20000438                __atexit_recursive_mutex
                0x2000043c                . = ALIGN (0x4)
                0x2000043c                _edata = .

.igot.plt       0x2000043c        0x0 load address 0x08001f34
 .igot.plt      0x2000043c        0x0 d:/a_userdownload/clion2cubemx_tool/gcc-arm-none-eabi-10.3-2021.10-win32/gcc-arm-none-eabi-10.3-2021.10/bin/../lib/gcc/arm-none-eabi/10.3.1/thumb/v7-m/nofp/crtbegin.o
                0x2000043c                . = ALIGN (0x4)

.bss            0x2000043c      0x1d4 load address 0x08001f34
                0x2000043c                _sbss = .
                0x2000043c                __bss_start__ = _sbss
 *(.bss)
 .bss           0x2000043c       0x1c d:/a_userdownload/clion2cubemx_tool/gcc-arm-none-eabi-10.3-2021.10-win32/gcc-arm-none-eabi-10.3-2021.10/bin/../lib/gcc/arm-none-eabi/10.3.1/thumb/v7-m/nofp/crtbegin.o
 *(.bss*)
 .bss.htim1     0x20000458       0x48 CMakeFiles/Car_1.elf.dir/Core/Src/tim.c.obj
                0x20000458                htim1
 .bss.htim2     0x200004a0       0x48 CMakeFiles/Car_1.elf.dir/Core/Src/tim.c.obj
                0x200004a0                htim2
 .bss.htim3     0x200004e8       0x48 CMakeFiles/Car_1.elf.dir/Core/Src/tim.c.obj
                0x200004e8                htim3
 .bss.htim4     0x20000530       0x48 CMakeFiles/Car_1.elf.dir/Core/Src/tim.c.obj
                0x20000530                htim4
 .bss.huart1    0x20000578       0x48 CMakeFiles/Car_1.elf.dir/Core/Src/usart.c.obj
                0x20000578                huart1
 .bss.huart2    0x200005c0       0x48 CMakeFiles/Car_1.elf.dir/Core/Src/usart.c.obj
                0x200005c0                huart2
 .bss.uwTick    0x20000608        0x4 CMakeFiles/Car_1.elf.dir/Drivers/STM32F1xx_HAL_Driver/Src/stm32f1xx_hal.c.obj
                0x20000608                uwTick
 .bss.__lock___atexit_recursive_mutex
                0x2000060c        0x1 d:/a_userdownload/clion2cubemx_tool/gcc-arm-none-eabi-10.3-2021.10-win32/gcc-arm-none-eabi-10.3-2021.10/bin/../lib/gcc/arm-none-eabi/10.3.1/../../../../arm-none-eabi/lib/thumb/v7-m/nofp\libg.a(lib_a-lock.o)
                0x2000060c                __lock___atexit_recursive_mutex
 *(COMMON)
                0x20000610                . = ALIGN (0x4)
 *fill*         0x2000060d        0x3 
                0x20000610                _ebss = .
                0x20000610                __bss_end__ = _ebss

._user_heap_stack
                0x20000610      0x600 load address 0x08001f34
                0x20000610                . = ALIGN (0x8)
                0x20000610                PROVIDE (end = .)
                [!provide]                PROVIDE (_end = .)
                0x20000810                . = (. + _Min_Heap_Size)
 *fill*         0x20000610      0x200 
                0x20000c10                . = (. + _Min_Stack_Size)
 *fill*         0x20000810      0x400 
                0x20000c10                . = ALIGN (0x8)

/DISCARD/
 libc.a(*)
 libm.a(*)
 libgcc.a(*)

.ARM.attributes
                0x00000000       0x29
 *(.ARM.attributes)
 .ARM.attributes
                0x00000000       0x1d d:/a_userdownload/clion2cubemx_tool/gcc-arm-none-eabi-10.3-2021.10-win32/gcc-arm-none-eabi-10.3-2021.10/bin/../lib/gcc/arm-none-eabi/10.3.1/thumb/v7-m/nofp/crti.o
 .ARM.attributes
                0x0000001d       0x2d d:/a_userdownload/clion2cubemx_tool/gcc-arm-none-eabi-10.3-2021.10-win32/gcc-arm-none-eabi-10.3-2021.10/bin/../lib/gcc/arm-none-eabi/10.3.1/thumb/v7-m/nofp/crtbegin.o
 .ARM.attributes
                0x0000004a       0x2d CMakeFiles/Car_1.elf.dir/Core/Src/gpio.c.obj
 .ARM.attributes
                0x00000077       0x2d CMakeFiles/Car_1.elf.dir/Core/Src/main.c.obj
 .ARM.attributes
                0x000000a4       0x2d CMakeFiles/Car_1.elf.dir/Core/Src/stm32f1xx_hal_msp.c.obj
 .ARM.attributes
                0x000000d1       0x2d CMakeFiles/Car_1.elf.dir/Core/Src/stm32f1xx_it.c.obj
 .ARM.attributes
                0x000000fe       0x2d CMakeFiles/Car_1.elf.dir/Core/Src/system_stm32f1xx.c.obj
 .ARM.attributes
                0x0000012b       0x2d CMakeFiles/Car_1.elf.dir/Core/Src/tim.c.obj
 .ARM.attributes
                0x00000158       0x2d CMakeFiles/Car_1.elf.dir/Core/Src/usart.c.obj
 .ARM.attributes
                0x00000185       0x2d CMakeFiles/Car_1.elf.dir/Drivers/STM32F1xx_HAL_Driver/Src/stm32f1xx_hal.c.obj
 .ARM.attributes
                0x000001b2       0x2d CMakeFiles/Car_1.elf.dir/Drivers/STM32F1xx_HAL_Driver/Src/stm32f1xx_hal_cortex.c.obj
 .ARM.attributes
                0x000001df       0x2d CMakeFiles/Car_1.elf.dir/Drivers/STM32F1xx_HAL_Driver/Src/stm32f1xx_hal_gpio.c.obj
 .ARM.attributes
                0x0000020c       0x2d CMakeFiles/Car_1.elf.dir/Drivers/STM32F1xx_HAL_Driver/Src/stm32f1xx_hal_rcc.c.obj
 .ARM.attributes
                0x00000239       0x2d CMakeFiles/Car_1.elf.dir/Drivers/STM32F1xx_HAL_Driver/Src/stm32f1xx_hal_tim.c.obj
 .ARM.attributes
                0x00000266       0x2d CMakeFiles/Car_1.elf.dir/Drivers/STM32F1xx_HAL_Driver/Src/stm32f1xx_hal_tim_ex.c.obj
 .ARM.attributes
                0x00000293       0x2d CMakeFiles/Car_1.elf.dir/Drivers/STM32F1xx_HAL_Driver/Src/stm32f1xx_hal_uart.c.obj
 .ARM.attributes
                0x000002c0       0x21 CMakeFiles/Car_1.elf.dir/startup/startup_stm32f103xb.s.obj
 .ARM.attributes
                0x000002e1       0x2d d:/a_userdownload/clion2cubemx_tool/gcc-arm-none-eabi-10.3-2021.10-win32/gcc-arm-none-eabi-10.3-2021.10/bin/../lib/gcc/arm-none-eabi/10.3.1/../../../../arm-none-eabi/lib/thumb/v7-m/nofp\libg.a(lib_a-impure.o)
 .ARM.attributes
                0x0000030e       0x2d d:/a_userdownload/clion2cubemx_tool/gcc-arm-none-eabi-10.3-2021.10-win32/gcc-arm-none-eabi-10.3-2021.10/bin/../lib/gcc/arm-none-eabi/10.3.1/../../../../arm-none-eabi/lib/thumb/v7-m/nofp\libg.a(lib_a-init.o)
 .ARM.attributes
                0x0000033b       0x2d d:/a_userdownload/clion2cubemx_tool/gcc-arm-none-eabi-10.3-2021.10-win32/gcc-arm-none-eabi-10.3-2021.10/bin/../lib/gcc/arm-none-eabi/10.3.1/../../../../arm-none-eabi/lib/thumb/v7-m/nofp\libg.a(lib_a-memset.o)
 .ARM.attributes
                0x00000368       0x2d d:/a_userdownload/clion2cubemx_tool/gcc-arm-none-eabi-10.3-2021.10-win32/gcc-arm-none-eabi-10.3-2021.10/bin/../lib/gcc/arm-none-eabi/10.3.1/../../../../arm-none-eabi/lib/thumb/v7-m/nofp\libg.a(lib_a-__call_atexit.o)
 .ARM.attributes
                0x00000395       0x2d d:/a_userdownload/clion2cubemx_tool/gcc-arm-none-eabi-10.3-2021.10-win32/gcc-arm-none-eabi-10.3-2021.10/bin/../lib/gcc/arm-none-eabi/10.3.1/../../../../arm-none-eabi/lib/thumb/v7-m/nofp\libg.a(lib_a-atexit.o)
 .ARM.attributes
                0x000003c2       0x2d d:/a_userdownload/clion2cubemx_tool/gcc-arm-none-eabi-10.3-2021.10-win32/gcc-arm-none-eabi-10.3-2021.10/bin/../lib/gcc/arm-none-eabi/10.3.1/../../../../arm-none-eabi/lib/thumb/v7-m/nofp\libg.a(lib_a-fini.o)
 .ARM.attributes
                0x000003ef       0x2d d:/a_userdownload/clion2cubemx_tool/gcc-arm-none-eabi-10.3-2021.10-win32/gcc-arm-none-eabi-10.3-2021.10/bin/../lib/gcc/arm-none-eabi/10.3.1/../../../../arm-none-eabi/lib/thumb/v7-m/nofp\libg.a(lib_a-lock.o)
 .ARM.attributes
                0x0000041c       0x2d d:/a_userdownload/clion2cubemx_tool/gcc-arm-none-eabi-10.3-2021.10-win32/gcc-arm-none-eabi-10.3-2021.10/bin/../lib/gcc/arm-none-eabi/10.3.1/../../../../arm-none-eabi/lib/thumb/v7-m/nofp\libg.a(lib_a-__atexit.o)
 .ARM.attributes
                0x00000449       0x1d d:/a_userdownload/clion2cubemx_tool/gcc-arm-none-eabi-10.3-2021.10-win32/gcc-arm-none-eabi-10.3-2021.10/bin/../lib/gcc/arm-none-eabi/10.3.1/thumb/v7-m/nofp/crtn.o
OUTPUT(Car_1.elf elf32-littlearm)
LOAD linker stubs
LOAD d:/a_userdownload/clion2cubemx_tool/gcc-arm-none-eabi-10.3-2021.10-win32/gcc-arm-none-eabi-10.3-2021.10/bin/../lib/gcc/arm-none-eabi/10.3.1/../../../../arm-none-eabi/lib/thumb/v7-m/nofp\libc.a
LOAD d:/a_userdownload/clion2cubemx_tool/gcc-arm-none-eabi-10.3-2021.10-win32/gcc-arm-none-eabi-10.3-2021.10/bin/../lib/gcc/arm-none-eabi/10.3.1/../../../../arm-none-eabi/lib/thumb/v7-m/nofp\libm.a
LOAD d:/a_userdownload/clion2cubemx_tool/gcc-arm-none-eabi-10.3-2021.10-win32/gcc-arm-none-eabi-10.3-2021.10/bin/../lib/gcc/arm-none-eabi/10.3.1/thumb/v7-m/nofp\libgcc.a

.debug_info     0x00000000     0xe657
 .debug_info    0x00000000      0x36a CMakeFiles/Car_1.elf.dir/Core/Src/gpio.c.obj
 .debug_info    0x0000036a      0x4a9 CMakeFiles/Car_1.elf.dir/Core/Src/main.c.obj
 .debug_info    0x00000813      0x211 CMakeFiles/Car_1.elf.dir/Core/Src/stm32f1xx_hal_msp.c.obj
 .debug_info    0x00000a24      0x130 CMakeFiles/Car_1.elf.dir/Core/Src/stm32f1xx_it.c.obj
 .debug_info    0x00000b54      0x248 CMakeFiles/Car_1.elf.dir/Core/Src/system_stm32f1xx.c.obj
 .debug_info    0x00000d9c      0xf6e CMakeFiles/Car_1.elf.dir/Core/Src/tim.c.obj
 .debug_info    0x00001d0a      0x930 CMakeFiles/Car_1.elf.dir/Core/Src/usart.c.obj
 .debug_info    0x0000263a      0x7a8 CMakeFiles/Car_1.elf.dir/Drivers/STM32F1xx_HAL_Driver/Src/stm32f1xx_hal.c.obj
 .debug_info    0x00002de2      0xd8a CMakeFiles/Car_1.elf.dir/Drivers/STM32F1xx_HAL_Driver/Src/stm32f1xx_hal_cortex.c.obj
 .debug_info    0x00003b6c      0x66f CMakeFiles/Car_1.elf.dir/Drivers/STM32F1xx_HAL_Driver/Src/stm32f1xx_hal_gpio.c.obj
 .debug_info    0x000041db      0xa3b CMakeFiles/Car_1.elf.dir/Drivers/STM32F1xx_HAL_Driver/Src/stm32f1xx_hal_rcc.c.obj
 .debug_info    0x00004c16     0x3d52 CMakeFiles/Car_1.elf.dir/Drivers/STM32F1xx_HAL_Driver/Src/stm32f1xx_hal_tim.c.obj
 .debug_info    0x00008968     0x1abb CMakeFiles/Car_1.elf.dir/Drivers/STM32F1xx_HAL_Driver/Src/stm32f1xx_hal_tim_ex.c.obj
 .debug_info    0x0000a423     0x4212 CMakeFiles/Car_1.elf.dir/Drivers/STM32F1xx_HAL_Driver/Src/stm32f1xx_hal_uart.c.obj
 .debug_info    0x0000e635       0x22 CMakeFiles/Car_1.elf.dir/startup/startup_stm32f103xb.s.obj

.debug_abbrev   0x00000000     0x1abe
 .debug_abbrev  0x00000000      0x13c CMakeFiles/Car_1.elf.dir/Core/Src/gpio.c.obj
 .debug_abbrev  0x0000013c      0x1a5 CMakeFiles/Car_1.elf.dir/Core/Src/main.c.obj
 .debug_abbrev  0x000002e1       0xe5 CMakeFiles/Car_1.elf.dir/Core/Src/stm32f1xx_hal_msp.c.obj
 .debug_abbrev  0x000003c6       0x7e CMakeFiles/Car_1.elf.dir/Core/Src/stm32f1xx_it.c.obj
 .debug_abbrev  0x00000444      0x13e CMakeFiles/Car_1.elf.dir/Core/Src/system_stm32f1xx.c.obj
 .debug_abbrev  0x00000582      0x263 CMakeFiles/Car_1.elf.dir/Core/Src/tim.c.obj
 .debug_abbrev  0x000007e5      0x1c8 CMakeFiles/Car_1.elf.dir/Core/Src/usart.c.obj
 .debug_abbrev  0x000009ad      0x1f4 CMakeFiles/Car_1.elf.dir/Drivers/STM32F1xx_HAL_Driver/Src/stm32f1xx_hal.c.obj
 .debug_abbrev  0x00000ba1      0x341 CMakeFiles/Car_1.elf.dir/Drivers/STM32F1xx_HAL_Driver/Src/stm32f1xx_hal_cortex.c.obj
 .debug_abbrev  0x00000ee2      0x1e6 CMakeFiles/Car_1.elf.dir/Drivers/STM32F1xx_HAL_Driver/Src/stm32f1xx_hal_gpio.c.obj
 .debug_abbrev  0x000010c8      0x27a CMakeFiles/Car_1.elf.dir/Drivers/STM32F1xx_HAL_Driver/Src/stm32f1xx_hal_rcc.c.obj
 .debug_abbrev  0x00001342      0x245 CMakeFiles/Car_1.elf.dir/Drivers/STM32F1xx_HAL_Driver/Src/stm32f1xx_hal_tim.c.obj
 .debug_abbrev  0x00001587      0x248 CMakeFiles/Car_1.elf.dir/Drivers/STM32F1xx_HAL_Driver/Src/stm32f1xx_hal_tim_ex.c.obj
 .debug_abbrev  0x000017cf      0x2dd CMakeFiles/Car_1.elf.dir/Drivers/STM32F1xx_HAL_Driver/Src/stm32f1xx_hal_uart.c.obj
 .debug_abbrev  0x00001aac       0x12 CMakeFiles/Car_1.elf.dir/startup/startup_stm32f103xb.s.obj

.debug_aranges  0x00000000      0xb50
 .debug_aranges
                0x00000000       0x20 CMakeFiles/Car_1.elf.dir/Core/Src/gpio.c.obj
 .debug_aranges
                0x00000020       0x30 CMakeFiles/Car_1.elf.dir/Core/Src/main.c.obj
 .debug_aranges
                0x00000050       0x20 CMakeFiles/Car_1.elf.dir/Core/Src/stm32f1xx_hal_msp.c.obj
 .debug_aranges
                0x00000070       0x60 CMakeFiles/Car_1.elf.dir/Core/Src/stm32f1xx_it.c.obj
 .debug_aranges
                0x000000d0       0x28 CMakeFiles/Car_1.elf.dir/Core/Src/system_stm32f1xx.c.obj
 .debug_aranges
                0x000000f8       0x60 CMakeFiles/Car_1.elf.dir/Core/Src/tim.c.obj
 .debug_aranges
                0x00000158       0x38 CMakeFiles/Car_1.elf.dir/Core/Src/usart.c.obj
 .debug_aranges
                0x00000190       0xe0 CMakeFiles/Car_1.elf.dir/Drivers/STM32F1xx_HAL_Driver/Src/stm32f1xx_hal.c.obj
 .debug_aranges
                0x00000270       0x90 CMakeFiles/Car_1.elf.dir/Drivers/STM32F1xx_HAL_Driver/Src/stm32f1xx_hal_cortex.c.obj
 .debug_aranges
                0x00000300       0x58 CMakeFiles/Car_1.elf.dir/Drivers/STM32F1xx_HAL_Driver/Src/stm32f1xx_hal_gpio.c.obj
 .debug_aranges
                0x00000358       0x90 CMakeFiles/Car_1.elf.dir/Drivers/STM32F1xx_HAL_Driver/Src/stm32f1xx_hal_rcc.c.obj
 .debug_aranges
                0x000003e8      0x3d0 CMakeFiles/Car_1.elf.dir/Drivers/STM32F1xx_HAL_Driver/Src/stm32f1xx_hal_tim.c.obj
 .debug_aranges
                0x000007b8      0x168 CMakeFiles/Car_1.elf.dir/Drivers/STM32F1xx_HAL_Driver/Src/stm32f1xx_hal_tim_ex.c.obj
 .debug_aranges
                0x00000920      0x208 CMakeFiles/Car_1.elf.dir/Drivers/STM32F1xx_HAL_Driver/Src/stm32f1xx_hal_uart.c.obj
 .debug_aranges
                0x00000b28       0x28 CMakeFiles/Car_1.elf.dir/startup/startup_stm32f103xb.s.obj

.debug_ranges   0x00000000      0xb00
 .debug_ranges  0x00000000       0x10 CMakeFiles/Car_1.elf.dir/Core/Src/gpio.c.obj
 .debug_ranges  0x00000010       0x20 CMakeFiles/Car_1.elf.dir/Core/Src/main.c.obj
 .debug_ranges  0x00000030       0x10 CMakeFiles/Car_1.elf.dir/Core/Src/stm32f1xx_hal_msp.c.obj
 .debug_ranges  0x00000040       0x50 CMakeFiles/Car_1.elf.dir/Core/Src/stm32f1xx_it.c.obj
 .debug_ranges  0x00000090       0x18 CMakeFiles/Car_1.elf.dir/Core/Src/system_stm32f1xx.c.obj
 .debug_ranges  0x000000a8       0x50 CMakeFiles/Car_1.elf.dir/Core/Src/tim.c.obj
 .debug_ranges  0x000000f8       0x28 CMakeFiles/Car_1.elf.dir/Core/Src/usart.c.obj
 .debug_ranges  0x00000120       0xd0 CMakeFiles/Car_1.elf.dir/Drivers/STM32F1xx_HAL_Driver/Src/stm32f1xx_hal.c.obj
 .debug_ranges  0x000001f0       0xe0 CMakeFiles/Car_1.elf.dir/Drivers/STM32F1xx_HAL_Driver/Src/stm32f1xx_hal_cortex.c.obj
 .debug_ranges  0x000002d0       0x48 CMakeFiles/Car_1.elf.dir/Drivers/STM32F1xx_HAL_Driver/Src/stm32f1xx_hal_gpio.c.obj
 .debug_ranges  0x00000318       0xa0 CMakeFiles/Car_1.elf.dir/Drivers/STM32F1xx_HAL_Driver/Src/stm32f1xx_hal_rcc.c.obj
 .debug_ranges  0x000003b8      0x3c0 CMakeFiles/Car_1.elf.dir/Drivers/STM32F1xx_HAL_Driver/Src/stm32f1xx_hal_tim.c.obj
 .debug_ranges  0x00000778      0x158 CMakeFiles/Car_1.elf.dir/Drivers/STM32F1xx_HAL_Driver/Src/stm32f1xx_hal_tim_ex.c.obj
 .debug_ranges  0x000008d0      0x210 CMakeFiles/Car_1.elf.dir/Drivers/STM32F1xx_HAL_Driver/Src/stm32f1xx_hal_uart.c.obj
 .debug_ranges  0x00000ae0       0x20 CMakeFiles/Car_1.elf.dir/startup/startup_stm32f103xb.s.obj

.debug_line     0x00000000     0xe5d1
 .debug_line    0x00000000      0x2cd CMakeFiles/Car_1.elf.dir/Core/Src/gpio.c.obj
 .debug_line    0x000002cd      0x43d CMakeFiles/Car_1.elf.dir/Core/Src/main.c.obj
 .debug_line    0x0000070a      0x211 CMakeFiles/Car_1.elf.dir/Core/Src/stm32f1xx_hal_msp.c.obj
 .debug_line    0x0000091b      0x1bd CMakeFiles/Car_1.elf.dir/Core/Src/stm32f1xx_it.c.obj
 .debug_line    0x00000ad8      0x2da CMakeFiles/Car_1.elf.dir/Core/Src/system_stm32f1xx.c.obj
 .debug_line    0x00000db2      0x733 CMakeFiles/Car_1.elf.dir/Core/Src/tim.c.obj
 .debug_line    0x000014e5      0x496 CMakeFiles/Car_1.elf.dir/Core/Src/usart.c.obj
 .debug_line    0x0000197b      0x608 CMakeFiles/Car_1.elf.dir/Drivers/STM32F1xx_HAL_Driver/Src/stm32f1xx_hal.c.obj
 .debug_line    0x00001f83      0x6f0 CMakeFiles/Car_1.elf.dir/Drivers/STM32F1xx_HAL_Driver/Src/stm32f1xx_hal_cortex.c.obj
 .debug_line    0x00002673      0x698 CMakeFiles/Car_1.elf.dir/Drivers/STM32F1xx_HAL_Driver/Src/stm32f1xx_hal_gpio.c.obj
 .debug_line    0x00002d0b      0xcd5 CMakeFiles/Car_1.elf.dir/Drivers/STM32F1xx_HAL_Driver/Src/stm32f1xx_hal_rcc.c.obj
 .debug_line    0x000039e0     0x4a30 CMakeFiles/Car_1.elf.dir/Drivers/STM32F1xx_HAL_Driver/Src/stm32f1xx_hal_tim.c.obj
 .debug_line    0x00008410     0x1ca5 CMakeFiles/Car_1.elf.dir/Drivers/STM32F1xx_HAL_Driver/Src/stm32f1xx_hal_tim_ex.c.obj
 .debug_line    0x0000a0b5     0x447d CMakeFiles/Car_1.elf.dir/Drivers/STM32F1xx_HAL_Driver/Src/stm32f1xx_hal_uart.c.obj
 .debug_line    0x0000e532       0x9f CMakeFiles/Car_1.elf.dir/startup/startup_stm32f103xb.s.obj

.debug_str      0x00000000     0x36ec
 .debug_str     0x00000000      0x270 CMakeFiles/Car_1.elf.dir/Core/Src/gpio.c.obj
                                0x2bb (size before relaxing)
 .debug_str     0x00000270      0x256 CMakeFiles/Car_1.elf.dir/Core/Src/main.c.obj
                                0x460 (size before relaxing)
 .debug_str     0x000004c6       0x7a CMakeFiles/Car_1.elf.dir/Core/Src/stm32f1xx_hal_msp.c.obj
                                0x25d (size before relaxing)
 .debug_str     0x00000540       0xd7 CMakeFiles/Car_1.elf.dir/Core/Src/stm32f1xx_it.c.obj
                                0x260 (size before relaxing)
 .debug_str     0x00000617       0xa8 CMakeFiles/Car_1.elf.dir/Core/Src/system_stm32f1xx.c.obj
                                0x292 (size before relaxing)
 .debug_str     0x000006bf      0x765 CMakeFiles/Car_1.elf.dir/Core/Src/tim.c.obj
                                0xa9f (size before relaxing)
 .debug_str     0x00000e24      0x25d CMakeFiles/Car_1.elf.dir/Core/Src/usart.c.obj
                                0x719 (size before relaxing)
 .debug_str     0x00001081      0x60e CMakeFiles/Car_1.elf.dir/Drivers/STM32F1xx_HAL_Driver/Src/stm32f1xx_hal.c.obj
                                0x862 (size before relaxing)
 .debug_str     0x0000168f      0x3e5 CMakeFiles/Car_1.elf.dir/Drivers/STM32F1xx_HAL_Driver/Src/stm32f1xx_hal_cortex.c.obj
                                0x911 (size before relaxing)
 .debug_str     0x00001a74      0x127 CMakeFiles/Car_1.elf.dir/Drivers/STM32F1xx_HAL_Driver/Src/stm32f1xx_hal_gpio.c.obj
                                0x43e (size before relaxing)
 .debug_str     0x00001b9b      0x214 CMakeFiles/Car_1.elf.dir/Drivers/STM32F1xx_HAL_Driver/Src/stm32f1xx_hal_rcc.c.obj
                                0x669 (size before relaxing)
 .debug_str     0x00001daf      0xd4e CMakeFiles/Car_1.elf.dir/Drivers/STM32F1xx_HAL_Driver/Src/stm32f1xx_hal_tim.c.obj
                               0x167d (size before relaxing)
 .debug_str     0x00002afd      0x544 CMakeFiles/Car_1.elf.dir/Drivers/STM32F1xx_HAL_Driver/Src/stm32f1xx_hal_tim_ex.c.obj
                                0xe7e (size before relaxing)
 .debug_str     0x00003041      0x65c CMakeFiles/Car_1.elf.dir/Drivers/STM32F1xx_HAL_Driver/Src/stm32f1xx_hal_uart.c.obj
                                0xd32 (size before relaxing)
 .debug_str     0x0000369d       0x4f CMakeFiles/Car_1.elf.dir/startup/startup_stm32f103xb.s.obj
                                 0x84 (size before relaxing)

.comment        0x00000000       0x49
 .comment       0x00000000       0x49 CMakeFiles/Car_1.elf.dir/Core/Src/gpio.c.obj
                                 0x4a (size before relaxing)
 .comment       0x00000049       0x4a CMakeFiles/Car_1.elf.dir/Core/Src/main.c.obj
 .comment       0x00000049       0x4a CMakeFiles/Car_1.elf.dir/Core/Src/stm32f1xx_hal_msp.c.obj
 .comment       0x00000049       0x4a CMakeFiles/Car_1.elf.dir/Core/Src/stm32f1xx_it.c.obj
 .comment       0x00000049       0x4a CMakeFiles/Car_1.elf.dir/Core/Src/system_stm32f1xx.c.obj
 .comment       0x00000049       0x4a CMakeFiles/Car_1.elf.dir/Core/Src/tim.c.obj
 .comment       0x00000049       0x4a CMakeFiles/Car_1.elf.dir/Core/Src/usart.c.obj
 .comment       0x00000049       0x4a CMakeFiles/Car_1.elf.dir/Drivers/STM32F1xx_HAL_Driver/Src/stm32f1xx_hal.c.obj
 .comment       0x00000049       0x4a CMakeFiles/Car_1.elf.dir/Drivers/STM32F1xx_HAL_Driver/Src/stm32f1xx_hal_cortex.c.obj
 .comment       0x00000049       0x4a CMakeFiles/Car_1.elf.dir/Drivers/STM32F1xx_HAL_Driver/Src/stm32f1xx_hal_gpio.c.obj
 .comment       0x00000049       0x4a CMakeFiles/Car_1.elf.dir/Drivers/STM32F1xx_HAL_Driver/Src/stm32f1xx_hal_rcc.c.obj
 .comment       0x00000049       0x4a CMakeFiles/Car_1.elf.dir/Drivers/STM32F1xx_HAL_Driver/Src/stm32f1xx_hal_tim.c.obj
 .comment       0x00000049       0x4a CMakeFiles/Car_1.elf.dir/Drivers/STM32F1xx_HAL_Driver/Src/stm32f1xx_hal_tim_ex.c.obj
 .comment       0x00000049       0x4a CMakeFiles/Car_1.elf.dir/Drivers/STM32F1xx_HAL_Driver/Src/stm32f1xx_hal_uart.c.obj

.debug_frame    0x00000000     0x1f50
 .debug_frame   0x00000000       0x38 CMakeFiles/Car_1.elf.dir/Core/Src/gpio.c.obj
 .debug_frame   0x00000038       0x58 CMakeFiles/Car_1.elf.dir/Core/Src/main.c.obj
 .debug_frame   0x00000090       0x28 CMakeFiles/Car_1.elf.dir/Core/Src/stm32f1xx_hal_msp.c.obj
 .debug_frame   0x000000b8       0xa8 CMakeFiles/Car_1.elf.dir/Core/Src/stm32f1xx_it.c.obj
 .debug_frame   0x00000160       0x30 CMakeFiles/Car_1.elf.dir/Core/Src/system_stm32f1xx.c.obj
 .debug_frame   0x00000190      0x114 CMakeFiles/Car_1.elf.dir/Core/Src/tim.c.obj
 .debug_frame   0x000002a4       0x78 CMakeFiles/Car_1.elf.dir/Core/Src/usart.c.obj
 .debug_frame   0x0000031c      0x1cc CMakeFiles/Car_1.elf.dir/Drivers/STM32F1xx_HAL_Driver/Src/stm32f1xx_hal.c.obj
 .debug_frame   0x000004e8      0x118 CMakeFiles/Car_1.elf.dir/Drivers/STM32F1xx_HAL_Driver/Src/stm32f1xx_hal_cortex.c.obj
 .debug_frame   0x00000600       0xe4 CMakeFiles/Car_1.elf.dir/Drivers/STM32F1xx_HAL_Driver/Src/stm32f1xx_hal_gpio.c.obj
 .debug_frame   0x000006e4      0x184 CMakeFiles/Car_1.elf.dir/Drivers/STM32F1xx_HAL_Driver/Src/stm32f1xx_hal_rcc.c.obj
 .debug_frame   0x00000868      0xb18 CMakeFiles/Car_1.elf.dir/Drivers/STM32F1xx_HAL_Driver/Src/stm32f1xx_hal_tim.c.obj
 .debug_frame   0x00001380      0x40c CMakeFiles/Car_1.elf.dir/Drivers/STM32F1xx_HAL_Driver/Src/stm32f1xx_hal_tim_ex.c.obj
 .debug_frame   0x0000178c      0x5d8 CMakeFiles/Car_1.elf.dir/Drivers/STM32F1xx_HAL_Driver/Src/stm32f1xx_hal_uart.c.obj
 .debug_frame   0x00001d64       0x2c d:/a_userdownload/clion2cubemx_tool/gcc-arm-none-eabi-10.3-2021.10-win32/gcc-arm-none-eabi-10.3-2021.10/bin/../lib/gcc/arm-none-eabi/10.3.1/../../../../arm-none-eabi/lib/thumb/v7-m/nofp\libg.a(lib_a-init.o)
 .debug_frame   0x00001d90       0x2c d:/a_userdownload/clion2cubemx_tool/gcc-arm-none-eabi-10.3-2021.10-win32/gcc-arm-none-eabi-10.3-2021.10/bin/../lib/gcc/arm-none-eabi/10.3.1/../../../../arm-none-eabi/lib/thumb/v7-m/nofp\libg.a(lib_a-memset.o)
 .debug_frame   0x00001dbc       0x5c d:/a_userdownload/clion2cubemx_tool/gcc-arm-none-eabi-10.3-2021.10-win32/gcc-arm-none-eabi-10.3-2021.10/bin/../lib/gcc/arm-none-eabi/10.3.1/../../../../arm-none-eabi/lib/thumb/v7-m/nofp\libg.a(lib_a-__call_atexit.o)
 .debug_frame   0x00001e18       0x20 d:/a_userdownload/clion2cubemx_tool/gcc-arm-none-eabi-10.3-2021.10-win32/gcc-arm-none-eabi-10.3-2021.10/bin/../lib/gcc/arm-none-eabi/10.3.1/../../../../arm-none-eabi/lib/thumb/v7-m/nofp\libg.a(lib_a-atexit.o)
 .debug_frame   0x00001e38       0x34 d:/a_userdownload/clion2cubemx_tool/gcc-arm-none-eabi-10.3-2021.10-win32/gcc-arm-none-eabi-10.3-2021.10/bin/../lib/gcc/arm-none-eabi/10.3.1/../../../../arm-none-eabi/lib/thumb/v7-m/nofp\libg.a(lib_a-fini.o)
 .debug_frame   0x00001e6c       0xb0 d:/a_userdownload/clion2cubemx_tool/gcc-arm-none-eabi-10.3-2021.10-win32/gcc-arm-none-eabi-10.3-2021.10/bin/../lib/gcc/arm-none-eabi/10.3.1/../../../../arm-none-eabi/lib/thumb/v7-m/nofp\libg.a(lib_a-lock.o)
 .debug_frame   0x00001f1c       0x34 d:/a_userdownload/clion2cubemx_tool/gcc-arm-none-eabi-10.3-2021.10-win32/gcc-arm-none-eabi-10.3-2021.10/bin/../lib/gcc/arm-none-eabi/10.3.1/../../../../arm-none-eabi/lib/thumb/v7-m/nofp\libg.a(lib_a-__atexit.o)

.debug_loc      0x00000000     0xcbcf
 .debug_loc     0x00000000       0x15 CMakeFiles/Car_1.elf.dir/Core/Src/stm32f1xx_hal_msp.c.obj
 .debug_loc     0x00000015       0xff CMakeFiles/Car_1.elf.dir/Core/Src/system_stm32f1xx.c.obj
 .debug_loc     0x00000114      0x100 CMakeFiles/Car_1.elf.dir/Core/Src/tim.c.obj
 .debug_loc     0x00000214       0xbe CMakeFiles/Car_1.elf.dir/Core/Src/usart.c.obj
 .debug_loc     0x000002d2      0x141 CMakeFiles/Car_1.elf.dir/Drivers/STM32F1xx_HAL_Driver/Src/stm32f1xx_hal.c.obj
 .debug_loc     0x00000413      0x71f CMakeFiles/Car_1.elf.dir/Drivers/STM32F1xx_HAL_Driver/Src/stm32f1xx_hal_cortex.c.obj
 .debug_loc     0x00000b32      0x47d CMakeFiles/Car_1.elf.dir/Drivers/STM32F1xx_HAL_Driver/Src/stm32f1xx_hal_gpio.c.obj
 .debug_loc     0x00000faf      0x618 CMakeFiles/Car_1.elf.dir/Drivers/STM32F1xx_HAL_Driver/Src/stm32f1xx_hal_rcc.c.obj
 .debug_loc     0x000015c7     0x50fa CMakeFiles/Car_1.elf.dir/Drivers/STM32F1xx_HAL_Driver/Src/stm32f1xx_hal_tim.c.obj
 .debug_loc     0x000066c1     0x1c93 CMakeFiles/Car_1.elf.dir/Drivers/STM32F1xx_HAL_Driver/Src/stm32f1xx_hal_tim_ex.c.obj
 .debug_loc     0x00008354     0x487b CMakeFiles/Car_1.elf.dir/Drivers/STM32F1xx_HAL_Driver/Src/stm32f1xx_hal_uart.c.obj
